******************************************************************************
                  TI ARM Linker PC v20.2.7                     
******************************************************************************
>> Linked Mon Jun  2 05:26:35 2025

OUTPUT FILE NAME:   <project.out>
ENTRY POINT SYMBOL: "_c_int00_noargs"  address: 00000ae1


MEMORY CONFIGURATION

         name            origin    length      used     unused   attr    fill
----------------------  --------  ---------  --------  --------  ----  --------
  FLASH                 00000000   00100000  00000ba2  000ff45e  R  X
  SRAM                  20000000   00040000  0000025e  0003fda2  RW X


SEGMENT ALLOCATION MAP

run origin  load origin   length   init length attrs members
----------  ----------- ---------- ----------- ----- -------
00000000    00000000    00000ba8   00000ba8    r-x
  00000000    00000000    00000208   00000208    r-- .intvecs
  00000208    00000208    0000094a   0000094a    r-x .text
  00000b58    00000b58    00000050   00000050    r-- .cinit
20000000    20000000    0000025e   00000000    rw-
  20000000    20000000    00000200   00000000    rw- .stack
  20000200    20000200    00000034   00000000    rw- .data
  20000234    20000234    0000002a   00000000    rw- .bss


SECTION ALLOCATION MAP

 output                                  attributes/
section   page    origin      length       input sections
--------  ----  ----------  ----------   ----------------
.intvecs   0    00000000    00000208     
                  00000000    00000208     tm4c1294ncpdt_startup_ccs.obj (.intvecs)

.text      0    00000208    0000094a     
                  00000208    0000027c     main.obj (.text)
                  00000484    000001bc     adc.obj (.text)
                  00000640    000001b0     gpio.obj (.text)
                  000007f0    000000e4     timer.obj (.text)
                  000008d4    000000c4     stepper_motor.obj (.text)
                  00000998    0000009c     rtsv7M4_T_le_v4SPD16_eabi.lib : memcpy_t2.asm.obj (.text)
                  00000a34    00000068                                   : copy_decompress_lzss.c.obj (.text:decompress:lzss:__TI_decompress_lzss)
                  00000a9c    00000044                                   : autoinit.c.obj (.text:__TI_auto_init_nobinit_nopinit:__TI_auto_init_nobinit_nopinit)
                  00000ae0    00000034                                   : boot_cortex_m.c.obj (.text:_c_int00_noargs:_c_int00_noargs)
                  00000b14    0000001c                                   : copy_zero_init.c.obj (.text:decompress:ZI:__TI_zero_init_nomemset:__TI_zero_init_nomemset)
                  00000b30    0000000e                                   : copy_decompress_none.c.obj (.text:decompress:none:__TI_decompress_none)
                  00000b3e    0000000c     tm4c1294ncpdt_startup_ccs.obj (.text)
                  00000b4a    00000004     rtsv7M4_T_le_v4SPD16_eabi.lib : pre_init.c.obj (.text:_system_pre_init)
                  00000b4e    00000004                                   : exit.c.obj (.text:abort:abort)

.cinit     0    00000b58    00000050     
                  00000b58    00000025     (.cinit..data.load) [load image, compression = lzss]
                  00000b7d    00000003     --HOLE-- [fill = 0]
                  00000b80    0000000c     (__TI_handler_table)
                  00000b8c    00000004     --HOLE-- [fill = 0]
                  00000b90    00000008     (.cinit..bss.load) [load image, compression = zero_init]
                  00000b98    00000010     (__TI_cinit_table)

.init_array 
*          0    00000000    00000000     UNINITIALIZED

.data      0    20000200    00000034     UNINITIALIZED
                  20000200    00000011     main.obj (.data)
                  20000211    00000003     --HOLE--
                  20000214    00000010     stepper_motor.obj (.data:left_sequence)
                  20000224    00000010     stepper_motor.obj (.data:right_sequence)

.bss       0    20000234    0000002a     UNINITIALIZED
                  20000234    00000004     (.common:delay)
                  20000238    00000004     (.common:frequency)
                  2000023c    00000004     (.common:i)
                  20000240    00000004     (.common:j)
                  20000244    00000004     (.common:pd0_status)
                  20000248    00000004     (.common:period)
                  2000024c    00000004     (.common:pj0_status)
                  20000250    00000004     (.common:pj1_status)
                  20000254    00000004     (.common:time)
                  20000258    00000002     (.common:adc0RawValue)
                  2000025a    00000002     (.common:potentiometerVoltage)
                  2000025c    00000002     (.common:result)

.stack     0    20000000    00000200     UNINITIALIZED
                  20000000    00000004     rtsv7M4_T_le_v4SPD16_eabi.lib : boot_cortex_m.c.obj (.stack)
                  20000004    000001fc     --HOLE--

__llvm_prf_cnts 
*          0    20000000    00000000     UNINITIALIZED

MODULE SUMMARY

       Module                          code   ro data   rw data
       ------                          ----   -------   -------
    .\
       tm4c1294ncpdt_startup_ccs.obj   12     520       0      
    +--+-------------------------------+------+---------+---------+
       Total:                          12     520       0      
                                                               
    .\lib\adc\
       adc.obj                         444    0         8      
    +--+-------------------------------+------+---------+---------+
       Total:                          444    0         8      
                                                               
    .\lib\gpio\
       gpio.obj                        432    0         0      
    +--+-------------------------------+------+---------+---------+
       Total:                          432    0         0      
                                                               
    .\lib\stepper_motor\
       stepper_motor.obj               196    0         40     
    +--+-------------------------------+------+---------+---------+
       Total:                          196    0         40     
                                                               
    .\lib\timer\
       timer.obj                       228    0         0      
    +--+-------------------------------+------+---------+---------+
       Total:                          228    0         0      
                                                               
    .\src\
       main.obj                        636    0         43     
    +--+-------------------------------+------+---------+---------+
       Total:                          636    0         43     
                                                               
    C:\ti\ccs1281\ccs\tools\compiler\ti-cgt-arm_20.2.7.LTS\lib\rtsv7M4_T_le_v4SPD16_eabi.lib
       memcpy_t2.asm.obj               156    0         0      
       copy_decompress_lzss.c.obj      104    0         0      
       autoinit.c.obj                  68     0         0      
       boot_cortex_m.c.obj             52     0         0      
       copy_zero_init.c.obj            28     0         0      
       copy_decompress_none.c.obj      14     0         0      
       exit.c.obj                      4      0         0      
       pre_init.c.obj                  4      0         0      
    +--+-------------------------------+------+---------+---------+
       Total:                          430    0         0      
                                                               
       Stack:                          0      0         512    
       Linker Generated:               0      73        0      
    +--+-------------------------------+------+---------+---------+
       Grand Total:                    2378   593       603    


LINKER GENERATED COPY TABLES

__TI_cinit_table @ 00000b98 records: 2, size/record: 8, table size: 16
	.data: load addr=00000b58, load size=00000025 bytes, run addr=20000200, run size=00000034 bytes, compression=lzss
	.bss: load addr=00000b90, load size=00000008 bytes, run addr=20000234, run size=0000002a bytes, compression=zero_init


LINKER GENERATED HANDLER TABLE

__TI_handler_table @ 00000b80 records: 3, size/record: 4, table size: 12
	index: 0, handler: __TI_decompress_lzss
	index: 1, handler: __TI_decompress_none
	index: 2, handler: __TI_zero_init


GLOBAL SYMBOLS: SORTED ALPHABETICALLY BY Name 

address   name                          
-------   ----                          
00000b4f  C$$EXIT                       
00000301  ISR_hall_handler              
000002d1  ISR_hall_init                 
00000347  ISR_switch_handler            
00000317  ISR_switch_init               
00000b3f  ResetISR                      
0000035d  Timer03AIntHandler            
20000200  __STACK_END                   
00000200  __STACK_SIZE                  
20000200  __STACK_TOP                   
00000b98  __TI_CINIT_Base               
00000ba8  __TI_CINIT_Limit              
00000b80  __TI_Handler_Table_Base       
00000b8c  __TI_Handler_Table_Limit      
00000a9d  __TI_auto_init_nobinit_nopinit
00000a35  __TI_decompress_lzss          
00000b31  __TI_decompress_none          
ffffffff  __TI_pprof_out_hndl           
ffffffff  __TI_prof_data_size           
ffffffff  __TI_prof_data_start          
00000000  __TI_static_base__            
00000b15  __TI_zero_init_nomemset       
00000999  __aeabi_memcpy                
00000999  __aeabi_memcpy4               
00000999  __aeabi_memcpy8               
ffffffff  __binit__                     
ffffffff  __c_args__                    
UNDEFED   __mpu_init                    
20000000  __stack                       
20000000  __start___llvm_prf_cnts       
20000000  __stop___llvm_prf_cnts        
00000ae1  _c_int00_noargs               
UNDEFED   _system_post_cinit            
00000b4b  _system_pre_init              
00000b4f  abort                         
20000258  adc0RawValue                  
0000057f  adc0_get_value                
00000485  adc0_init                     
000005a5  adc1_get_value                
00000505  adc1_init                     
ffffffff  binit                         
20000204  clk                           
20000234  delay                         
00000283  drivers_setup                 
2000020c  dutyCycle                     
20000238  frequency                     
00000000  g_pfnVectors                  
00000677  gpio_init_portB               
000006b1  gpio_init_portD               
0000071d  gpio_init_portE               
00000641  gpio_init_portJ               
0000065f  gpio_init_portL               
00000757  gpio_init_portM               
000006f1  gpio_init_portN               
20000210  hall_triggered                
2000023c  i                             
20000240  j                             
20000214  left_sequence                 
00000209  main                          
00000999  memcpy                        
20000244  pd0_status                    
20000248  period                        
2000024c  pj0_status                    
20000250  pj1_status                    
2000025a  potentiometerVoltage          
000002af  read_gpio_inputs              
2000025c  result                        
20000224  right_sequence                
20000208  rpm                           
0000092d  stepper_motor_rotates_left    
000008d5  stepper_motor_rotates_right   
20000254  time                          
000007f1  timer3_init                   
0000084f  timer5_init                   


GLOBAL SYMBOLS: SORTED BY Symbol Address 

address   name                          
-------   ----                          
00000000  __TI_static_base__            
00000000  g_pfnVectors                  
00000200  __STACK_SIZE                  
00000209  main                          
00000283  drivers_setup                 
000002af  read_gpio_inputs              
000002d1  ISR_hall_init                 
00000301  ISR_hall_handler              
00000317  ISR_switch_init               
00000347  ISR_switch_handler            
0000035d  Timer03AIntHandler            
00000485  adc0_init                     
00000505  adc1_init                     
0000057f  adc0_get_value                
000005a5  adc1_get_value                
00000641  gpio_init_portJ               
0000065f  gpio_init_portL               
00000677  gpio_init_portB               
000006b1  gpio_init_portD               
000006f1  gpio_init_portN               
0000071d  gpio_init_portE               
00000757  gpio_init_portM               
000007f1  timer3_init                   
0000084f  timer5_init                   
000008d5  stepper_motor_rotates_right   
0000092d  stepper_motor_rotates_left    
00000999  __aeabi_memcpy                
00000999  __aeabi_memcpy4               
00000999  __aeabi_memcpy8               
00000999  memcpy                        
00000a35  __TI_decompress_lzss          
00000a9d  __TI_auto_init_nobinit_nopinit
00000ae1  _c_int00_noargs               
00000b15  __TI_zero_init_nomemset       
00000b31  __TI_decompress_none          
00000b3f  ResetISR                      
00000b4b  _system_pre_init              
00000b4f  C$$EXIT                       
00000b4f  abort                         
00000b80  __TI_Handler_Table_Base       
00000b8c  __TI_Handler_Table_Limit      
00000b98  __TI_CINIT_Base               
00000ba8  __TI_CINIT_Limit              
20000000  __stack                       
20000000  __start___llvm_prf_cnts       
20000000  __stop___llvm_prf_cnts        
20000200  __STACK_END                   
20000200  __STACK_TOP                   
20000204  clk                           
20000208  rpm                           
2000020c  dutyCycle                     
20000210  hall_triggered                
20000214  left_sequence                 
20000224  right_sequence                
20000234  delay                         
20000238  frequency                     
2000023c  i                             
20000240  j                             
20000244  pd0_status                    
20000248  period                        
2000024c  pj0_status                    
20000250  pj1_status                    
20000254  time                          
20000258  adc0RawValue                  
2000025a  potentiometerVoltage          
2000025c  result                        
ffffffff  __TI_pprof_out_hndl           
ffffffff  __TI_prof_data_size           
ffffffff  __TI_prof_data_start          
ffffffff  __binit__                     
ffffffff  __c_args__                    
ffffffff  binit                         
UNDEFED   __mpu_init                    
UNDEFED   _system_post_cinit            

[74 symbols]
