******************************************************************************
                  TI ARM Linker PC v20.2.7                     
******************************************************************************
>> Linked Sun Jun  1 04:25:48 2025

OUTPUT FILE NAME:   <project.out>
ENTRY POINT SYMBOL: "_c_int00_noargs"  address: 00000975


MEMORY CONFIGURATION

         name            origin    length      used     unused   attr    fill
----------------------  --------  ---------  --------  --------  ----  --------
  FLASH                 00000000   00100000  00000a36  000ff5ca  R  X
  SRAM                  20000000   00040000  00000255  0003fdab  RW X


SEGMENT ALLOCATION MAP

run origin  load origin   length   init length attrs members
----------  ----------- ---------- ----------- ----- -------
00000000    00000000    00000a38   00000a38    r-x
  00000000    00000000    00000208   00000208    r-- .intvecs
  00000208    00000208    000007de   000007de    r-x .text
  000009e8    000009e8    00000050   00000050    r-- .cinit
20000000    20000000    00000255   00000000    rw-
  20000000    20000000    00000200   00000000    rw- .stack
  20000200    20000200    00000034   00000000    rw- .data
  20000234    20000234    00000021   00000000    rw- .bss


SECTION ALLOCATION MAP

 output                                  attributes/
section   page    origin      length       input sections
--------  ----  ----------  ----------   ----------------
.intvecs   0    00000000    00000208     
                  00000000    00000208     tm4c1294ncpdt_startup_ccs.obj (.intvecs)

.text      0    00000208    000007de     
                  00000208    0000024c     main.obj (.text)
                  00000454    00000170     gpio.obj (.text)
                  000005c4    000000f4     adc.obj (.text)
                  000006b8    000000e4     timer.obj (.text)
                  0000079c    0000009c     rtsv7M4_T_le_v4SPD16_eabi.lib : memcpy_t2.asm.obj (.text)
                  00000838    00000090     stepper_motor.obj (.text)
                  000008c8    00000068     rtsv7M4_T_le_v4SPD16_eabi.lib : copy_decompress_lzss.c.obj (.text:decompress:lzss:__TI_decompress_lzss)
                  00000930    00000044                                   : autoinit.c.obj (.text:__TI_auto_init_nobinit_nopinit:__TI_auto_init_nobinit_nopinit)
                  00000974    00000034                                   : boot_cortex_m.c.obj (.text:_c_int00_noargs:_c_int00_noargs)
                  000009a8    0000001c                                   : copy_zero_init.c.obj (.text:decompress:ZI:__TI_zero_init_nomemset:__TI_zero_init_nomemset)
                  000009c4    0000000e                                   : copy_decompress_none.c.obj (.text:decompress:none:__TI_decompress_none)
                  000009d2    0000000c     tm4c1294ncpdt_startup_ccs.obj (.text)
                  000009de    00000004     rtsv7M4_T_le_v4SPD16_eabi.lib : pre_init.c.obj (.text:_system_pre_init)
                  000009e2    00000004                                   : exit.c.obj (.text:abort:abort)

.cinit     0    000009e8    00000050     
                  000009e8    00000025     (.cinit..data.load) [load image, compression = lzss]
                  00000a0d    00000003     --HOLE-- [fill = 0]
                  00000a10    0000000c     (__TI_handler_table)
                  00000a1c    00000004     --HOLE-- [fill = 0]
                  00000a20    00000008     (.cinit..bss.load) [load image, compression = zero_init]
                  00000a28    00000010     (__TI_cinit_table)

.init_array 
*          0    00000000    00000000     UNINITIALIZED

.data      0    20000200    00000034     UNINITIALIZED
                  20000200    00000011     main.obj (.data)
                  20000211    00000003     --HOLE--
                  20000214    00000010     stepper_motor.obj (.data:left_sequence)
                  20000224    00000010     stepper_motor.obj (.data:right_sequence)

.bss       0    20000234    00000021     UNINITIALIZED
                  20000234    00000004     (.common:i)
                  20000238    00000004     (.common:j)
                  2000023c    00000004     (.common:pd0_status)
                  20000240    00000004     (.common:period)
                  20000244    00000004     (.common:pj0_status)
                  20000248    00000004     (.common:pj1_status)
                  2000024c    00000004     (.common:time)
                  20000250    00000002     (.common:adc0RawValue)
                  20000252    00000002     (.common:potentiometerVoltage)
                  20000254    00000001     (.common:frequency)

.stack     0    20000000    00000200     UNINITIALIZED
                  20000000    00000004     rtsv7M4_T_le_v4SPD16_eabi.lib : boot_cortex_m.c.obj (.stack)
                  20000004    000001fc     --HOLE--

__llvm_prf_cnts 
*          0    20000000    00000000     UNINITIALIZED

MODULE SUMMARY

       Module                          code   ro data   rw data
       ------                          ----   -------   -------
    .\
       tm4c1294ncpdt_startup_ccs.obj   12     520       0      
    +--+-------------------------------+------+---------+---------+
       Total:                          12     520       0      
                                                               
    .\lib\adc\
       adc.obj                         244    0         6      
    +--+-------------------------------+------+---------+---------+
       Total:                          244    0         6      
                                                               
    .\lib\gpio\
       gpio.obj                        368    0         0      
    +--+-------------------------------+------+---------+---------+
       Total:                          368    0         0      
                                                               
    .\lib\stepper_motor\
       stepper_motor.obj               144    0         40     
    +--+-------------------------------+------+---------+---------+
       Total:                          144    0         40     
                                                               
    .\lib\timer\
       timer.obj                       228    0         0      
    +--+-------------------------------+------+---------+---------+
       Total:                          228    0         0      
                                                               
    .\src\
       main.obj                        588    0         36     
    +--+-------------------------------+------+---------+---------+
       Total:                          588    0         36     
                                                               
    C:\ti\ccs1281\ccs\tools\compiler\ti-cgt-arm_20.2.7.LTS\lib\rtsv7M4_T_le_v4SPD16_eabi.lib
       memcpy_t2.asm.obj               156    0         0      
       copy_decompress_lzss.c.obj      104    0         0      
       autoinit.c.obj                  68     0         0      
       boot_cortex_m.c.obj             52     0         0      
       copy_zero_init.c.obj            28     0         0      
       copy_decompress_none.c.obj      14     0         0      
       exit.c.obj                      4      0         0      
       pre_init.c.obj                  4      0         0      
    +--+-------------------------------+------+---------+---------+
       Total:                          430    0         0      
                                                               
       Stack:                          0      0         512    
       Linker Generated:               0      73        0      
    +--+-------------------------------+------+---------+---------+
       Grand Total:                    2014   593       594    


LINKER GENERATED COPY TABLES

__TI_cinit_table @ 00000a28 records: 2, size/record: 8, table size: 16
	.data: load addr=000009e8, load size=00000025 bytes, run addr=20000200, run size=00000034 bytes, compression=lzss
	.bss: load addr=00000a20, load size=00000008 bytes, run addr=20000234, run size=00000021 bytes, compression=zero_init


LINKER GENERATED HANDLER TABLE

__TI_handler_table @ 00000a10 records: 3, size/record: 4, table size: 12
	index: 0, handler: __TI_decompress_lzss
	index: 1, handler: __TI_decompress_none
	index: 2, handler: __TI_zero_init


GLOBAL SYMBOLS: SORTED ALPHABETICALLY BY Name 

address   name                          
-------   ----                          
000009e3  C$$EXIT                       
000002c3  ISR_hall_handler              
00000293  ISR_hall_init                 
00000309  ISR_switch_handler            
000002d9  ISR_switch_init               
000009d3  ResetISR                      
0000031f  Timer03AIntHandler            
20000200  __STACK_END                   
00000200  __STACK_SIZE                  
20000200  __STACK_TOP                   
00000a28  __TI_CINIT_Base               
00000a38  __TI_CINIT_Limit              
00000a10  __TI_Handler_Table_Base       
00000a1c  __TI_Handler_Table_Limit      
00000931  __TI_auto_init_nobinit_nopinit
000008c9  __TI_decompress_lzss          
000009c5  __TI_decompress_none          
ffffffff  __TI_pprof_out_hndl           
ffffffff  __TI_prof_data_size           
ffffffff  __TI_prof_data_start          
00000000  __TI_static_base__            
000009a9  __TI_zero_init_nomemset       
0000079d  __aeabi_memcpy                
0000079d  __aeabi_memcpy4               
0000079d  __aeabi_memcpy8               
ffffffff  __binit__                     
ffffffff  __c_args__                    
UNDEFED   __mpu_init                    
20000000  __stack                       
20000000  __start___llvm_prf_cnts       
20000000  __stop___llvm_prf_cnts        
00000975  _c_int00_noargs               
UNDEFED   _system_post_cinit            
000009df  _system_pre_init              
000009e3  abort                         
20000250  adc0RawValue                  
00000647  adc0_get_value                
000005c5  adc0_init                     
0000066d  adc1_get_value                
ffffffff  binit                         
20000204  clk                           
00000245  drivers_setup                 
2000020c  dutyCycle                     
20000254  frequency                     
00000000  g_pfnVectors                  
0000048b  gpio_init_portD               
000004f7  gpio_init_portE               
00000455  gpio_init_portJ               
00000473  gpio_init_portL               
00000537  gpio_init_portM               
000004cb  gpio_init_portN               
20000210  hall_triggered                
20000234  i                             
20000238  j                             
20000214  left_sequence                 
00000209  main                          
0000079d  memcpy                        
2000023c  pd0_status                    
20000240  period                        
20000244  pj0_status                    
20000248  pj1_status                    
20000252  potentiometerVoltage          
00000271  read_gpio_inputs              
20000224  right_sequence                
20000208  rpm                           
00000887  stepper_motor_rotates_left    
00000839  stepper_motor_rotates_right   
2000024c  time                          
000006b9  timer3_init                   
00000717  timer5_init                   


GLOBAL SYMBOLS: SORTED BY Symbol Address 

address   name                          
-------   ----                          
00000000  __TI_static_base__            
00000000  g_pfnVectors                  
00000200  __STACK_SIZE                  
00000209  main                          
00000245  drivers_setup                 
00000271  read_gpio_inputs              
00000293  ISR_hall_init                 
000002c3  ISR_hall_handler              
000002d9  ISR_switch_init               
00000309  ISR_switch_handler            
0000031f  Timer03AIntHandler            
00000455  gpio_init_portJ               
00000473  gpio_init_portL               
0000048b  gpio_init_portD               
000004cb  gpio_init_portN               
000004f7  gpio_init_portE               
00000537  gpio_init_portM               
000005c5  adc0_init                     
00000647  adc0_get_value                
0000066d  adc1_get_value                
000006b9  timer3_init                   
00000717  timer5_init                   
0000079d  __aeabi_memcpy                
0000079d  __aeabi_memcpy4               
0000079d  __aeabi_memcpy8               
0000079d  memcpy                        
00000839  stepper_motor_rotates_right   
00000887  stepper_motor_rotates_left    
000008c9  __TI_decompress_lzss          
00000931  __TI_auto_init_nobinit_nopinit
00000975  _c_int00_noargs               
000009a9  __TI_zero_init_nomemset       
000009c5  __TI_decompress_none          
000009d3  ResetISR                      
000009df  _system_pre_init              
000009e3  C$$EXIT                       
000009e3  abort                         
00000a10  __TI_Handler_Table_Base       
00000a1c  __TI_Handler_Table_Limit      
00000a28  __TI_CINIT_Base               
00000a38  __TI_CINIT_Limit              
20000000  __stack                       
20000000  __start___llvm_prf_cnts       
20000000  __stop___llvm_prf_cnts        
20000200  __STACK_END                   
20000200  __STACK_TOP                   
20000204  clk                           
20000208  rpm                           
2000020c  dutyCycle                     
20000210  hall_triggered                
20000214  left_sequence                 
20000224  right_sequence                
20000234  i                             
20000238  j                             
2000023c  pd0_status                    
20000240  period                        
20000244  pj0_status                    
20000248  pj1_status                    
2000024c  time                          
20000250  adc0RawValue                  
20000252  potentiometerVoltage          
20000254  frequency                     
ffffffff  __TI_pprof_out_hndl           
ffffffff  __TI_prof_data_size           
ffffffff  __TI_prof_data_start          
ffffffff  __binit__                     
ffffffff  __c_args__                    
ffffffff  binit                         
UNDEFED   __mpu_init                    
UNDEFED   _system_post_cinit            

[70 symbols]
