******************************************************************************
                  TI ARM Linker PC v20.2.7                     
******************************************************************************
>> Linked Sat May 31 20:59:42 2025

OUTPUT FILE NAME:   <project.out>
ENTRY POINT SYMBOL: "_c_int00_noargs"  address: 000007f5


MEMORY CONFIGURATION

         name            origin    length      used     unused   attr    fill
----------------------  --------  ---------  --------  --------  ----  --------
  FLASH                 00000000   00100000  000008ae  000ff752  R  X
  SRAM                  20000000   00040000  00000257  0003fda9  RW X


SEGMENT ALLOCATION MAP

run origin  load origin   length   init length attrs members
----------  ----------- ---------- ----------- ----- -------
00000000    00000000    000008b0   000008b0    r-x
  00000000    00000000    00000208   00000208    r-- .intvecs
  00000208    00000208    0000065e   0000065e    r-x .text
  00000868    00000868    00000048   00000048    r-- .cinit
20000000    20000000    00000257   00000000    rw-
  20000000    20000000    00000200   00000000    rw- .stack
  20000200    20000200    0000002c   00000000    rw- .data
  2000022c    2000022c    0000002b   00000000    rw- .bss


SECTION ALLOCATION MAP

 output                                  attributes/
section   page    origin      length       input sections
--------  ----  ----------  ----------   ----------------
.intvecs   0    00000000    00000208     
                  00000000    00000208     tm4c1294ncpdt_startup_ccs.obj (.intvecs)

.text      0    00000208    0000065e     
                  00000208    00000198     adc.obj (.text)
                  000003a0    0000015c     main.obj (.text)
                  000004fc    0000009c     rtsv7M4_T_le_v4SPD16_eabi.lib : memcpy_t2.asm.obj (.text)
                  00000598    00000098     gpio.obj (.text)
                  00000630    00000090     stepper_motor.obj (.text)
                  000006c0    00000088     timer.obj (.text)
                  00000748    00000068     rtsv7M4_T_le_v4SPD16_eabi.lib : copy_decompress_lzss.c.obj (.text:decompress:lzss:__TI_decompress_lzss)
                  000007b0    00000044                                   : autoinit.c.obj (.text:__TI_auto_init_nobinit_nopinit:__TI_auto_init_nobinit_nopinit)
                  000007f4    00000034                                   : boot_cortex_m.c.obj (.text:_c_int00_noargs:_c_int00_noargs)
                  00000828    0000001c                                   : copy_zero_init.c.obj (.text:decompress:ZI:__TI_zero_init_nomemset:__TI_zero_init_nomemset)
                  00000844    0000000e                                   : copy_decompress_none.c.obj (.text:decompress:none:__TI_decompress_none)
                  00000852    0000000c     tm4c1294ncpdt_startup_ccs.obj (.text)
                  0000085e    00000004     rtsv7M4_T_le_v4SPD16_eabi.lib : pre_init.c.obj (.text:_system_pre_init)
                  00000862    00000004                                   : exit.c.obj (.text:abort:abort)

.cinit     0    00000868    00000048     
                  00000868    00000020     (.cinit..data.load) [load image, compression = lzss]
                  00000888    0000000c     (__TI_handler_table)
                  00000894    00000004     --HOLE-- [fill = 0]
                  00000898    00000008     (.cinit..bss.load) [load image, compression = zero_init]
                  000008a0    00000010     (__TI_cinit_table)

.init_array 
*          0    00000000    00000000     UNINITIALIZED

.data      0    20000200    0000002c     UNINITIALIZED
                  20000200    00000010     stepper_motor.obj (.data:left_sequence)
                  20000210    00000010     stepper_motor.obj (.data:right_sequence)
                  20000220    0000000c     main.obj (.data)

.bss       0    2000022c    0000002b     UNINITIALIZED
                  2000022c    00000004     (.common:i)
                  20000230    00000004     (.common:j)
                  20000234    00000004     (.common:pd0_status)
                  20000238    00000004     (.common:period)
                  2000023c    00000004     (.common:pj0_status)
                  20000240    00000004     (.common:pj1_status)
                  20000244    00000004     (.common:result_current)
                  20000248    00000004     (.common:result_temperature)
                  2000024c    00000004     (.common:temperature)
                  20000250    00000004     (.common:time)
                  20000254    00000002     (.common:current)
                  20000256    00000001     (.common:frequency)

.stack     0    20000000    00000200     UNINITIALIZED
                  20000000    00000004     rtsv7M4_T_le_v4SPD16_eabi.lib : boot_cortex_m.c.obj (.stack)
                  20000004    000001fc     --HOLE--

__llvm_prf_cnts 
*          0    20000000    00000000     UNINITIALIZED

MODULE SUMMARY

       Module                          code   ro data   rw data
       ------                          ----   -------   -------
    .\
       tm4c1294ncpdt_startup_ccs.obj   12     520       0      
    +--+-------------------------------+------+---------+---------+
       Total:                          12     520       0      
                                                               
    .\lib\adc\
       adc.obj                         408    0         14     
    +--+-------------------------------+------+---------+---------+
       Total:                          408    0         14     
                                                               
    .\lib\gpio\
       gpio.obj                        152    0         0      
    +--+-------------------------------+------+---------+---------+
       Total:                          152    0         0      
                                                               
    .\lib\stepper_motor\
       stepper_motor.obj               144    0         40     
    +--+-------------------------------+------+---------+---------+
       Total:                          144    0         40     
                                                               
    .\lib\timer\
       timer.obj                       136    0         0      
    +--+-------------------------------+------+---------+---------+
       Total:                          136    0         0      
                                                               
    .\src\
       main.obj                        348    0         33     
    +--+-------------------------------+------+---------+---------+
       Total:                          348    0         33     
                                                               
    C:\ti\ccs1281\ccs\tools\compiler\ti-cgt-arm_20.2.7.LTS\lib\rtsv7M4_T_le_v4SPD16_eabi.lib
       memcpy_t2.asm.obj               156    0         0      
       copy_decompress_lzss.c.obj      104    0         0      
       autoinit.c.obj                  68     0         0      
       boot_cortex_m.c.obj             52     0         0      
       copy_zero_init.c.obj            28     0         0      
       copy_decompress_none.c.obj      14     0         0      
       exit.c.obj                      4      0         0      
       pre_init.c.obj                  4      0         0      
    +--+-------------------------------+------+---------+---------+
       Total:                          430    0         0      
                                                               
       Stack:                          0      0         512    
       Linker Generated:               0      68        0      
    +--+-------------------------------+------+---------+---------+
       Grand Total:                    1630   588       599    


LINKER GENERATED COPY TABLES

__TI_cinit_table @ 000008a0 records: 2, size/record: 8, table size: 16
	.data: load addr=00000868, load size=00000020 bytes, run addr=20000200, run size=0000002c bytes, compression=lzss
	.bss: load addr=00000898, load size=00000008 bytes, run addr=2000022c, run size=0000002b bytes, compression=zero_init


LINKER GENERATED HANDLER TABLE

__TI_handler_table @ 00000888 records: 3, size/record: 4, table size: 12
	index: 0, handler: __TI_decompress_lzss
	index: 1, handler: __TI_decompress_none
	index: 2, handler: __TI_zero_init


GLOBAL SYMBOLS: SORTED ALPHABETICALLY BY Name 

address   name                          
-------   ----                          
00000863  C$$EXIT                       
00000401  ISR_hall_handler              
000003ff  ISR_hall_init                 
00000405  ISR_switch_handler            
00000403  ISR_switch_init               
00000853  ResetISR                      
00000407  Timer03AIntHandler            
20000200  __STACK_END                   
00000200  __STACK_SIZE                  
20000200  __STACK_TOP                   
000008a0  __TI_CINIT_Base               
000008b0  __TI_CINIT_Limit              
00000888  __TI_Handler_Table_Base       
00000894  __TI_Handler_Table_Limit      
000007b1  __TI_auto_init_nobinit_nopinit
00000749  __TI_decompress_lzss          
00000845  __TI_decompress_none          
ffffffff  __TI_pprof_out_hndl           
ffffffff  __TI_prof_data_size           
ffffffff  __TI_prof_data_start          
00000000  __TI_static_base__            
00000829  __TI_zero_init_nomemset       
000004fd  __aeabi_memcpy                
000004fd  __aeabi_memcpy4               
000004fd  __aeabi_memcpy8               
ffffffff  __binit__                     
ffffffff  __c_args__                    
UNDEFED   __mpu_init                    
20000000  __stack                       
20000000  __start___llvm_prf_cnts       
20000000  __stop___llvm_prf_cnts        
000007f5  _c_int00_noargs               
UNDEFED   _system_post_cinit            
0000085f  _system_pre_init              
00000863  abort                         
00000313  adc_get_current_value         
000002ed  adc_get_temperature_value     
00000209  adc_init                      
ffffffff  binit                         
20000224  clk                           
20000254  current                       
000003c1  drivers_setup                 
20000256  frequency                     
00000000  g_pfnVectors                  
000005cf  gpio_init_portD               
00000599  gpio_init_portJ               
000005b7  gpio_init_portL               
2000022c  i                             
20000230  j                             
20000200  left_sequence                 
000003a1  main                          
000004fd  memcpy                        
20000234  pd0_status                    
20000238  period                        
2000023c  pj0_status                    
20000240  pj1_status                    
000003d9  read_gpio_inputs              
20000244  result_current                
20000248  result_temperature            
20000210  right_sequence                
20000228  rpm                           
0000067f  stepper_motor_rotates_left    
00000631  stepper_motor_rotates_right   
2000024c  temperature                   
20000250  time                          
000006c1  timer3_init                   


GLOBAL SYMBOLS: SORTED BY Symbol Address 

address   name                          
-------   ----                          
00000000  __TI_static_base__            
00000000  g_pfnVectors                  
00000200  __STACK_SIZE                  
00000209  adc_init                      
000002ed  adc_get_temperature_value     
00000313  adc_get_current_value         
000003a1  main                          
000003c1  drivers_setup                 
000003d9  read_gpio_inputs              
000003ff  ISR_hall_init                 
00000401  ISR_hall_handler              
00000403  ISR_switch_init               
00000405  ISR_switch_handler            
00000407  Timer03AIntHandler            
000004fd  __aeabi_memcpy                
000004fd  __aeabi_memcpy4               
000004fd  __aeabi_memcpy8               
000004fd  memcpy                        
00000599  gpio_init_portJ               
000005b7  gpio_init_portL               
000005cf  gpio_init_portD               
00000631  stepper_motor_rotates_right   
0000067f  stepper_motor_rotates_left    
000006c1  timer3_init                   
00000749  __TI_decompress_lzss          
000007b1  __TI_auto_init_nobinit_nopinit
000007f5  _c_int00_noargs               
00000829  __TI_zero_init_nomemset       
00000845  __TI_decompress_none          
00000853  ResetISR                      
0000085f  _system_pre_init              
00000863  C$$EXIT                       
00000863  abort                         
00000888  __TI_Handler_Table_Base       
00000894  __TI_Handler_Table_Limit      
000008a0  __TI_CINIT_Base               
000008b0  __TI_CINIT_Limit              
20000000  __stack                       
20000000  __start___llvm_prf_cnts       
20000000  __stop___llvm_prf_cnts        
20000200  __STACK_END                   
20000200  __STACK_TOP                   
20000200  left_sequence                 
20000210  right_sequence                
20000224  clk                           
20000228  rpm                           
2000022c  i                             
20000230  j                             
20000234  pd0_status                    
20000238  period                        
2000023c  pj0_status                    
20000240  pj1_status                    
20000244  result_current                
20000248  result_temperature            
2000024c  temperature                   
20000250  time                          
20000254  current                       
20000256  frequency                     
ffffffff  __TI_pprof_out_hndl           
ffffffff  __TI_prof_data_size           
ffffffff  __TI_prof_data_start          
ffffffff  __binit__                     
ffffffff  __c_args__                    
ffffffff  binit                         
UNDEFED   __mpu_init                    
UNDEFED   _system_post_cinit            

[66 symbols]
