******************************************************************************
                  TI ARM Linker Unix v20.2.7                   
******************************************************************************
>> Linked Fri May 30 17:41:28 2025

OUTPUT FILE NAME:   <project.out>
ENTRY POINT SYMBOL: "_c_int00_noargs"  address: 00000949


MEMORY CONFIGURATION

         name            origin    length      used     unused   attr    fill
----------------------  --------  ---------  --------  --------  ----  --------
  FLASH                 00000000   00100000  000009c6  000ff63a  R  X
  SRAM                  20000000   00040000  0000021c  0003fde4  RW X


SEGMENT ALLOCATION MAP

run origin  load origin   length   init length attrs members
----------  ----------- ---------- ----------- ----- -------
00000000    00000000    000009cc   000009cc    r-x
  00000000    00000000    00000208   00000208    r-- .intvecs
  00000208    00000208    000007aa   000007aa    r-x .text
  000009b8    000009b8    00000014   00000014    r-- .cinit
20000000    20000000    0000021c   00000000    rw-
  20000000    20000000    00000200   00000000    rw- .stack
  20000200    20000200    0000001c   00000000    rw- .bss


SECTION ALLOCATION MAP

 output                                  attributes/
section   page    origin      length       input sections
--------  ----  ----------  ----------   ----------------
.intvecs   0    00000000    00000208     
                  00000000    00000208     tm4c1294ncpdt_startup_ccs.obj (.intvecs)

.text      0    00000208    000007aa     
                  00000208    00000228     adc.obj (.text)
                  00000430    000001b6     rtsv7M4_T_le_v4SPD16_eabi.lib : fd_add_t2.asm.obj (.text)
                  000005e6    00000136                                   : fd_div_t2.asm.obj (.text)
                  0000071c    000000fc                                   : fd_mul_t2.asm.obj (.text)
                  00000818    0000006e                                   : fd_tos_t2.asm.obj (.text)
                  00000886    00000002     timer.obj (.text)
                  00000888    00000044     rtsv7M4_T_le_v4SPD16_eabi.lib : autoinit.c.obj (.text:__TI_auto_init_nobinit_nopinit:__TI_auto_init_nobinit_nopinit)
                  000008cc    00000044     main.obj (.text)
                  00000910    00000038     rtsv7M4_T_le_v4SPD16_eabi.lib : fs_tod_t2.asm.obj (.text)
                  00000948    00000034                                   : boot_cortex_m.c.obj (.text:_c_int00_noargs:_c_int00_noargs)
                  0000097c    0000001c                                   : copy_zero_init.c.obj (.text:decompress:ZI:__TI_zero_init_nomemset:__TI_zero_init_nomemset)
                  00000998    0000000c     tm4c1294ncpdt_startup_ccs.obj (.text)
                  000009a4    00000006     gpio.obj (.text)
                  000009aa    00000004     rtsv7M4_T_le_v4SPD16_eabi.lib : pre_init.c.obj (.text:_system_pre_init)
                  000009ae    00000004                                   : exit.c.obj (.text:abort:abort)

.cinit     0    000009b8    00000014     
                  000009b8    00000008     (.cinit..bss.load) [load image, compression = zero_init]
                  000009c0    00000004     (__TI_handler_table)
                  000009c4    00000008     (__TI_cinit_table)

.init_array 
*          0    00000000    00000000     UNINITIALIZED

.bss       0    20000200    0000001c     UNINITIALIZED
                  20000200    00000004     (.common:current)
                  20000204    00000004     (.common:result_current)
                  20000208    00000004     (.common:result_current_f)
                  2000020c    00000004     (.common:result_temperature)
                  20000210    00000004     (.common:temperature)
                  20000214    00000004     (.common:time)
                  20000218    00000004     (.common:voltage_current)

.stack     0    20000000    00000200     UNINITIALIZED
                  20000000    00000004     rtsv7M4_T_le_v4SPD16_eabi.lib : boot_cortex_m.c.obj (.stack)
                  20000004    000001fc     --HOLE--

__llvm_prf_cnts 
*          0    20000000    00000000     UNINITIALIZED

MODULE SUMMARY

       Module                          code   ro data   rw data
       ------                          ----   -------   -------
    ./
       tm4c1294ncpdt_startup_ccs.obj   12     520       0      
    +--+-------------------------------+------+---------+---------+
       Total:                          12     520       0      
                                                               
    ./lib/adc/
       adc.obj                         552    0         24     
    +--+-------------------------------+------+---------+---------+
       Total:                          552    0         24     
                                                               
    ./lib/gpio/
       gpio.obj                        6      0         0      
    +--+-------------------------------+------+---------+---------+
       Total:                          6      0         0      
                                                               
    ./lib/timer/
       timer.obj                       2      0         0      
    +--+-------------------------------+------+---------+---------+
       Total:                          2      0         0      
                                                               
    ./src/
       main.obj                        68     0         4      
    +--+-------------------------------+------+---------+---------+
       Total:                          68     0         4      
                                                               
    /Applications/ti/ccs1281/ccs/tools/compiler/ti-cgt-arm_20.2.7.LTS/lib/rtsv7M4_T_le_v4SPD16_eabi.lib
       fd_add_t2.asm.obj               438    0         0      
       fd_div_t2.asm.obj               310    0         0      
       fd_mul_t2.asm.obj               252    0         0      
       fd_tos_t2.asm.obj               110    0         0      
       autoinit.c.obj                  68     0         0      
       fs_tod_t2.asm.obj               56     0         0      
       boot_cortex_m.c.obj             52     0         0      
       copy_zero_init.c.obj            28     0         0      
       exit.c.obj                      4      0         0      
       pre_init.c.obj                  4      0         0      
    +--+-------------------------------+------+---------+---------+
       Total:                          1322   0         0      
                                                               
       Stack:                          0      0         512    
       Linker Generated:               0      20        0      
    +--+-------------------------------+------+---------+---------+
       Grand Total:                    1962   540       540    


LINKER GENERATED COPY TABLES

__TI_cinit_table @ 000009c4 records: 1, size/record: 8, table size: 8
	.bss: load addr=000009b8, load size=00000008 bytes, run addr=20000200, run size=0000001c bytes, compression=zero_init


LINKER GENERATED HANDLER TABLE

__TI_handler_table @ 000009c0 records: 1, size/record: 4, table size: 4
	index: 0, handler: __TI_zero_init


GLOBAL SYMBOLS: SORTED ALPHABETICALLY BY Name 

address   name                          
-------   ----                          
000009af  C$$EXIT                       
00000905  ISR_handler                   
00000903  ISR_init                      
00000999  ResetISR                      
00000907  Timer03AIntHandler            
20000200  __STACK_END                   
00000200  __STACK_SIZE                  
20000200  __STACK_TOP                   
000009c4  __TI_CINIT_Base               
000009cc  __TI_CINIT_Limit              
000009c0  __TI_Handler_Table_Base       
000009c4  __TI_Handler_Table_Limit      
00000889  __TI_auto_init_nobinit_nopinit
ffffffff  __TI_pprof_out_hndl           
ffffffff  __TI_prof_data_size           
ffffffff  __TI_prof_data_start          
00000000  __TI_static_base__            
0000097d  __TI_zero_init_nomemset       
00000819  __aeabi_d2f                   
0000043b  __aeabi_dadd                  
000005e7  __aeabi_ddiv                  
0000071d  __aeabi_dmul                  
00000431  __aeabi_dsub                  
00000911  __aeabi_f2d                   
ffffffff  __binit__                     
ffffffff  __c_args__                    
UNDEFED   __mpu_init                    
20000000  __stack                       
20000000  __start___llvm_prf_cnts       
20000000  __stop___llvm_prf_cnts        
00000949  _c_int00_noargs               
UNDEFED   _system_post_cinit            
000009ab  _system_pre_init              
000009af  abort                         
00000313  adc_get_current_value         
000002ed  adc_get_temperature_value     
00000209  adc_init                      
ffffffff  binit                         
20000200  current                       
000008e7  drivers_setup                 
00000000  g_pfnVectors                  
000009a5  gpio_init_portA               
000009a7  gpio_init_portB               
000009a9  gpio_init_portC               
000008cd  main                          
20000204  result_current                
20000208  result_current_f              
2000020c  result_temperature            
20000210  temperature                   
20000214  time                          
00000887  timer_init                    
20000218  voltage_current               


GLOBAL SYMBOLS: SORTED BY Symbol Address 

address   name                          
-------   ----                          
00000000  __TI_static_base__            
00000000  g_pfnVectors                  
00000200  __STACK_SIZE                  
00000209  adc_init                      
000002ed  adc_get_temperature_value     
00000313  adc_get_current_value         
00000431  __aeabi_dsub                  
0000043b  __aeabi_dadd                  
000005e7  __aeabi_ddiv                  
0000071d  __aeabi_dmul                  
00000819  __aeabi_d2f                   
00000887  timer_init                    
00000889  __TI_auto_init_nobinit_nopinit
000008cd  main                          
000008e7  drivers_setup                 
00000903  ISR_init                      
00000905  ISR_handler                   
00000907  Timer03AIntHandler            
00000911  __aeabi_f2d                   
00000949  _c_int00_noargs               
0000097d  __TI_zero_init_nomemset       
00000999  ResetISR                      
000009a5  gpio_init_portA               
000009a7  gpio_init_portB               
000009a9  gpio_init_portC               
000009ab  _system_pre_init              
000009af  C$$EXIT                       
000009af  abort                         
000009c0  __TI_Handler_Table_Base       
000009c4  __TI_CINIT_Base               
000009c4  __TI_Handler_Table_Limit      
000009cc  __TI_CINIT_Limit              
20000000  __stack                       
20000000  __start___llvm_prf_cnts       
20000000  __stop___llvm_prf_cnts        
20000200  __STACK_END                   
20000200  __STACK_TOP                   
20000200  current                       
20000204  result_current                
20000208  result_current_f              
2000020c  result_temperature            
20000210  temperature                   
20000214  time                          
20000218  voltage_current               
ffffffff  __TI_pprof_out_hndl           
ffffffff  __TI_prof_data_size           
ffffffff  __TI_prof_data_start          
ffffffff  __binit__                     
ffffffff  __c_args__                    
ffffffff  binit                         
UNDEFED   __mpu_init                    
UNDEFED   _system_post_cinit            

[52 symbols]
